// Jest Snapshot v1, https://goo.gl/fbAQLP

exports[`InsightsCloudSync render 1`] = `
<PageLayout
  beforeToolbarComponent={<InsightsHeader />}
  header="Red Hat Insights"
  onSearch={[Function]}
  searchProps={
    Object {
      "autocomplete": Object {
        "id": "searchBar",
        "searchQuery": "",
        "url": "/insights_cloud/hits/auto_complete_search",
        "useKeyShortcuts": true,
      },
      "bookmarks": Object {
        "canCreateBookmarks": true,
        "documentationUrl": "4.1.5Searching",
        "url": "/api/bookmarks",
      },
      "controller": "/foreman_rh_cloud/insights_cloud",
    }
  }
  searchQuery=""
  searchable={true}
  toolbarButtons={
    <Button
      active={false}
      block={false}
      bsClass="btn"
      bsStyle="primary"
      disabled={false}
      onClick={[Function]}
    >
      Sync now
    </Button>
  }
>
  <InsightsTable
    itemCount={2}
    pagination={
      Object {
        "page": 1,
        "perPage": 20,
      }
    }
    results={
      Array [
        Object {
          "host_id": 1,
          "id": 16,
          "last_seen": "2020-11-01T15:55:14.280+02:00",
          "likelihood": 1,
          "publish_date": "2017-11-02T14:00:00.000+02:00",
          "results_url": "https://cloud.redhat.com/insights/advisor/recommendations/hardening_yum%7CHARDENING_YUM_GPG_3RD_6/716306d2-b4f8-446f-82c8-a45af30110bd/",
          "solution_url": "",
          "title": "Decreased security: Yum GPG verification disabled",
          "total_risk": 1,
        },
        Object {
          "host_id": 1,
          "id": 17,
          "last_seen": "2020-11-01T15:55:14.280+02:00",
          "likelihood": 3,
          "publish_date": "2019-07-12T02:08:00.000+03:00",
          "results_url": "https://cloud.redhat.com/insights/advisor/recommendations/packages_across_major_release%7CPACKAGES_ACROSS_MAJOR_RELEASE/716306d2-b4f8-446f-82c8-a45af30110bd/",
          "solution_url": "https://access.redhat.com/node/54483",
          "title": "Installation of packages across major releases is not supported",
          "total_risk": 2,
        },
      ]
    }
    sortBy=""
    sortOrder=""
    updateUrlQuery={[Function]}
  />
</PageLayout>
`;
